2026-04-27 15:38:27,984 [INFO] ============================================================
2026-04-27 15:38:27,985 [INFO] 开始过滤: date=2026-04-27
2026-04-27 15:38:27,985 [INFO] use_llm=False, llm_mode=borderline_only
2026-04-27 15:38:27,985 [INFO] 输入文件: data/raw/2026-04-27/raw_articles.json
2026-04-27 15:38:27,985 [INFO] ============================================================
2026-04-27 15:38:27,992 [INFO] 加载原始文章: 53 条
2026-04-27 15:38:28,029 [INFO]   进度: 20/53
2026-04-27 15:38:28,046 [INFO]   进度: 40/53
2026-04-27 15:38:28,061 [INFO] ============================================================
2026-04-27 15:38:28,061 [INFO] 过滤完成汇总:
2026-04-27 15:38:28,062 [INFO]   raw_count: 53
2026-04-27 15:38:28,062 [INFO]   cleaned_count: 0
2026-04-27 15:38:28,062 [INFO]   reference_count: 8
2026-04-27 15:38:28,062 [INFO]   rejected_count: 45
2026-04-27 15:38:28,062 [INFO]   llm_reviewed_count: 0
2026-04-27 15:38:28,062 [INFO]   llm_failed_count: 0
2026-04-27 15:38:28,062 [INFO]   by_time_status: {'in_window': 24, 'old': 27, 'near_window': 2}
2026-04-27 15:38:28,062 [INFO]   by_source: {'rsshub_huxiu_search_douyin_hour': 2, 'rsshub_huxiu_search_watsons': 20, 'rsshub_latepost': 10, 'rsshub_huxiu_consumer_channel': 8, 'rsshub_huxiu_article': 13}
2026-04-27 15:38:28,063 [INFO]   top_matched_keywords: {'屈臣氏': 20, '供应链': 6, '美妆': 4, '直播': 3, '流量': 3, '合规': 3, '政策': 2, '价格战': 2, '丝芙兰': 1, '护肤': 1}
2026-04-27 15:38:28,063 [INFO]   reject_reasons: {'reject': 45, 'reference': 8}
2026-04-27 15:38:28,063 [INFO] ============================================================
2026-04-27 15:39:04,817 [INFO] ============================================================
2026-04-27 15:39:04,817 [INFO] 开始过滤: date=2026-04-27
2026-04-27 15:39:04,817 [INFO] use_llm=False, llm_mode=borderline_only
2026-04-27 15:39:04,817 [INFO] 输入文件: data/raw/2026-04-27/raw_articles_merged.json
2026-04-27 15:39:04,817 [INFO] ============================================================
2026-04-27 15:39:04,834 [INFO] 加载原始文章: 105 条
2026-04-27 15:39:04,870 [INFO]   进度: 20/105
2026-04-27 15:39:04,887 [INFO]   进度: 40/105
2026-04-27 15:39:04,891 [INFO]   进度: 60/105
2026-04-27 15:39:04,899 [INFO]   进度: 80/105
2026-04-27 15:39:04,906 [INFO]   进度: 100/105
2026-04-27 15:39:04,933 [INFO] ============================================================
2026-04-27 15:39:04,933 [INFO] 过滤完成汇总:
2026-04-27 15:39:04,934 [INFO]   raw_count: 105
2026-04-27 15:39:04,934 [INFO]   cleaned_count: 33
2026-04-27 15:39:04,934 [INFO]   reference_count: 12
2026-04-27 15:39:04,934 [INFO]   rejected_count: 60
2026-04-27 15:39:04,934 [INFO]   llm_reviewed_count: 0
2026-04-27 15:39:04,934 [INFO]   llm_failed_count: 0
2026-04-27 15:39:04,934 [INFO]   by_time_status: {'in_window': 24, 'old': 27, 'near_window': 2, 'unknown_time': 52}
2026-04-27 15:39:04,934 [INFO]   by_source: {'rsshub_huxiu_search_douyin_hour': 2, 'rsshub_huxiu_search_watsons': 20, 'rsshub_latepost': 10, 'rsshub_huxiu_consumer_channel': 8, 'rsshub_huxiu_article': 13, 'tavily_gap_search': 52}
2026-04-27 15:39:04,934 [INFO]   top_matched_keywords: {'美妆': 40, '即时零售': 34, '屈臣氏': 33, '闪购': 33, '流量': 27, '美团闪购': 25, '个护': 23, '护肤': 20, '供应链': 20, '直播': 15}
2026-04-27 15:39:04,935 [INFO]   reject_reasons: {'reject': 60, 'reference': 12, 'main': 33}
2026-04-27 15:39:04,935 [INFO] ============================================================
