2026-04-27 15:38:33,608 [INFO] ============================================================
2026-04-27 15:38:33,608 [INFO] 开始 Tavily Gap Search: date=2026-04-27
2026-04-27 15:38:33,608 [INFO]   project_root: .
2026-04-27 15:38:33,608 [INFO]   skip_merge: False
2026-04-27 15:38:33,609 [INFO] ============================================================
2026-04-27 15:38:33,664 [INFO] 当前数据: raw=53, cleaned=0, reference=8
2026-04-27 15:38:33,664 [INFO] 触发 Tavily gap search，原因: ['cleaned_count=0 < 5', '核心平台缺失: 美团闪购', '核心平台缺失: 京东到家/京东秒送', '核心平台缺失: 淘宝闪购/饿了么', '核心平台缺失: 抖音小时达']
2026-04-27 15:38:33,667 [INFO] Tavily Key: 3 个可用
2026-04-27 15:38:33,668 [INFO] 计划执行 18 个搜索 query
2026-04-27 15:38:33,682 [INFO] 加载 98 个关键词
2026-04-27 15:38:33,682 [INFO] [Tavily Gap] 搜索: '美团闪购 美妆 个护 最新活动' (Key: tvly-dev-O...)
2026-04-27 15:38:35,452 [INFO] [Tavily Gap] '美团闪购 美妆 个护 最新活动': 返回 5 条结果
2026-04-27 15:38:35,452 [INFO] [Tavily Gap] 搜索: '美团闪购 屈臣氏 入驻 最新' (Key: tvly-dev-3...)
2026-04-27 15:38:38,177 [INFO] [Tavily Gap] '美团闪购 屈臣氏 入驻 最新': 返回 5 条结果
2026-04-27 15:38:38,178 [INFO] [Tavily Gap] 搜索: '京东到家 屈臣氏 最新合作 动态' (Key: tvly-dev-4...)
2026-04-27 15:38:39,429 [ERROR] [Tavily Gap] 搜索 '京东到家 屈臣氏 最新合作 动态' 失败: 432 Client Error:  for url: https://api.tavily.com/search
2026-04-27 15:38:39,430 [INFO] [Tavily Gap] 搜索: '京东秒送 美妆 个护 最新' (Key: tvly-dev-O...)
2026-04-27 15:38:40,914 [INFO] [Tavily Gap] '京东秒送 美妆 个护 最新': 返回 5 条结果
2026-04-27 15:38:40,914 [INFO] [Tavily Gap] 搜索: '淘宝闪购 美妆 个护 最新' (Key: tvly-dev-3...)
2026-04-27 15:38:44,005 [INFO] [Tavily Gap] '淘宝闪购 美妆 个护 最新': 返回 5 条结果
2026-04-27 15:38:44,005 [INFO] [Tavily Gap] 搜索: '淘宝闪购 天猫 官旗 最新' (Key: tvly-dev-4...)
2026-04-27 15:38:45,206 [ERROR] [Tavily Gap] 搜索 '淘宝闪购 天猫 官旗 最新' 失败: 432 Client Error:  for url: https://api.tavily.com/search
2026-04-27 15:38:45,207 [INFO] [Tavily Gap] 搜索: '抖音小时达 美妆 日百 最新' (Key: tvly-dev-O...)
2026-04-27 15:38:47,030 [INFO] [Tavily Gap] '抖音小时达 美妆 日百 最新': 返回 5 条结果
2026-04-27 15:38:47,030 [INFO] [Tavily Gap] 搜索: '抖音小时达 个护 即时零售 最新' (Key: tvly-dev-3...)
2026-04-27 15:38:48,142 [INFO] [Tavily Gap] '抖音小时达 个护 即时零售 最新': 返回 5 条结果
2026-04-27 15:38:48,142 [INFO] [Tavily Gap] 搜索: '丝芙兰 即时零售 最新动态' (Key: tvly-dev-4...)
2026-04-27 15:38:49,248 [ERROR] [Tavily Gap] 搜索 '丝芙兰 即时零售 最新动态' 失败: 432 Client Error:  for url: https://api.tavily.com/search
2026-04-27 15:38:49,249 [INFO] [Tavily Gap] 搜索: '万宁 即时零售 最新布局' (Key: tvly-dev-O...)
2026-04-27 15:38:51,957 [INFO] [Tavily Gap] '万宁 即时零售 最新布局': 返回 5 条结果
2026-04-27 15:38:51,958 [INFO] [Tavily Gap] 搜索: '调色师 美团闪购 最新投入' (Key: tvly-dev-3...)
2026-04-27 15:38:53,346 [INFO] [Tavily Gap] '调色师 美团闪购 最新投入': 返回 5 条结果
2026-04-27 15:38:53,347 [INFO] [Tavily Gap] 搜索: 'WOW COLOUR 即时零售' (Key: tvly-dev-4...)
2026-04-27 15:38:54,208 [ERROR] [Tavily Gap] 搜索 'WOW COLOUR 即时零售' 失败: 432 Client Error:  for url: https://api.tavily.com/search
2026-04-27 15:38:54,209 [INFO] [Tavily Gap] 搜索: '名创优品 美妆 即时零售' (Key: tvly-dev-O...)
2026-04-27 15:38:56,134 [INFO] [Tavily Gap] '名创优品 美妆 即时零售': 返回 5 条结果
2026-04-27 15:38:56,134 [INFO] [Tavily Gap] 搜索: '美妆 个护 即时零售 最新动态' (Key: tvly-dev-3...)
2026-04-27 15:38:58,670 [INFO] [Tavily Gap] '美妆 个护 即时零售 最新动态': 返回 5 条结果
2026-04-27 15:38:58,670 [INFO] [Tavily Gap] 搜索: '防晒 即时零售 销量 趋势' (Key: tvly-dev-4...)
2026-04-27 15:39:00,688 [ERROR] [Tavily Gap] 搜索 '防晒 即时零售 销量 趋势' 失败: 432 Client Error:  for url: https://api.tavily.com/search
2026-04-27 15:39:00,689 [INFO] [Tavily Gap] 搜索: '洗护 即时零售 最新' (Key: tvly-dev-O...)
2026-04-27 15:39:02,522 [INFO] [Tavily Gap] '洗护 即时零售 最新': 返回 5 条结果
2026-04-27 15:39:02,523 [INFO] [Tavily Gap] 搜索: '女性护理 即时零售 最新' (Key: tvly-dev-3...)
2026-04-27 15:39:03,927 [INFO] [Tavily Gap] '女性护理 即时零售 最新': 返回 5 条结果
2026-04-27 15:39:03,927 [INFO] [Tavily Gap] 搜索: '卸妆 小时达 即时零售' (Key: tvly-dev-4...)
2026-04-27 15:39:04,769 [ERROR] [Tavily Gap] 搜索 '卸妆 小时达 即时零售' 失败: 432 Client Error:  for url: https://api.tavily.com/search
2026-04-27 15:39:04,773 [INFO] Tavily 返回 60 条结果
2026-04-27 15:39:04,774 [INFO] 去重后保留 52 条新文章 (与 53 条已有文章比对)
2026-04-27 15:39:04,774 [INFO] 新文章时间分布: {'unknown_time': 52}
2026-04-27 15:39:04,785 [INFO] Gap 文章已保存: data/raw/2026-04-27/tavily_gap_articles.json
2026-04-27 15:39:04,813 [INFO] 合并文件已保存: data/raw/2026-04-27/raw_articles_merged.json (原始 53 + 补搜 52 = 105)
2026-04-27 15:39:04,813 [INFO] 开始重新运行 filter_relevant_articles ...
2026-04-27 15:39:04,935 [INFO] 重过滤完成: cleaned=33, reference=12, rejected=60
2026-04-27 15:39:04,936 [INFO] ============================================================
2026-04-27 15:39:04,936 [INFO] Tavily Gap Search 完成
2026-04-27 15:39:04,936 [INFO]   触发原因: ['cleaned_count=0 < 5', '核心平台缺失: 美团闪购', '核心平台缺失: 京东到家/京东秒送', '核心平台缺失: 淘宝闪购/饿了么', '核心平台缺失: 抖音小时达']
2026-04-27 15:39:04,937 [INFO]   补搜 query 数: 18
2026-04-27 15:39:04,937 [INFO]   补搜结果数: 60
2026-04-27 15:39:04,937 [INFO]   去重后新文章: 52
2026-04-27 15:39:04,937 [INFO]   raw_count: 53 → 105
2026-04-27 15:39:04,937 [INFO]   cleaned_count: 0 → 33
2026-04-27 15:39:04,937 [INFO] ============================================================
