2026-04-28 12:34:14,021 [INFO]   ============================================================
2026-04-28 12:34:14,021 [INFO]   开始评分: date=2026-04-28
2026-04-28 12:34:14,021 [INFO]     events_file: /app/working/projects/watsons-retail-intel/data/events/2026-04-28/events_raw.json
2026-04-28 12:34:14,022 [INFO]     output_file: /app/working/projects/watsons-retail-intel/data/events/2026-04-28/events_scored.json
2026-04-28 12:34:14,079 [INFO]   权重: {"strategic_importance": 0.18, "watsons_relevance": 0.24, "impact_scope": 0.12, "source_credibility": 0.12, "data_richness": 0.1, "actionability": 0.14, "time_sensitivity": 0.06, "novelty": 0.04}
2026-04-28 12:34:14,079 [INFO]   阈值: P0>=4.3, P1>=3.6, P2>=2.8, ARCHIVE<2.8
2026-04-28 12:34:14,084 [INFO]   加载 102 条事件
2026-04-28 12:34:14,084 [INFO]   评分事件 1/102: 美团酒店小红书专属活动正式下线
2026-04-28 12:34:14,085 [INFO]     score=2.220 priority=ARCHIVE si=4 wr=0 inp=4 sc=1 dr=1 ac=4 ts=2.0 no=3.0
2026-04-28 12:34:14,085 [INFO]   评分事件 2/102: 美团外卖拼好饭新增多种推广方式
2026-04-28 12:34:14,085 [INFO]     score=1.960 priority=ARCHIVE si=4 wr=0 inp=3 sc=1 dr=1 ac=3 ts=2.0 no=3.0
2026-04-28 12:34:14,086 [INFO]   评分事件 3/102: 美团闪购名创优品专场激励政策发布
2026-04-28 12:34:14,086 [INFO]     硬降级: P1 → P2 (score=3.780)
2026-04-28 12:34:14,086 [INFO]     score=3.780 priority=P2 si=5 wr=4 inp=3 sc=1 dr=5 ac=5 ts=2.0 no=3.0
2026-04-28 12:34:14,087 [INFO]   评分事件 4/102: 美团闪购推出“巧克力+鲜花”跨界组合营销活动
2026-04-28 12:34:14,088 [INFO]     score=3.060 priority=P2 si=4 wr=4 inp=3 sc=1 dr=1 ac=4 ts=2.0 no=3.0
2026-04-28 12:34:14,088 [INFO]   评分事件 5/102: 美团闪购更新屈臣氏美妆会场优惠券政策
2026-04-28 12:34:14,089 [INFO]     score=3.160 priority=P2 si=4 wr=5 inp=3 sc=1 dr=1 ac=3.0 ts=2.0 no=3.0
2026-04-28 12:34:14,089 [INFO]   评分事件 6/102: 屈臣氏推出小黄人IP定制产品组合并通过美团闪购独家发售
2026-04-28 12:34:14,090 [INFO]     score=2.820 priority=P2 si=2 wr=5 inp=2 sc=1 dr=1 ac=4 ts=2.0 no=3.0
2026-04-28 12:34:14,090 [INFO]   评分事件 7/102: 屈臣氏与美团闪购打通会员系统并推出专享福利
2026-04-28 12:34:14,092 [INFO]     score=3.500 priority=P2 si=4 wr=5 inp=3 sc=1 dr=3 ac=4 ts=2.0 no=3.0
2026-04-28 12:34:14,092 [INFO]   评分事件 8/102: 屈臣氏在北京通州万达广场举办线下‘挖宝’体验活动
2026-04-28 12:34:14,095 [INFO]     score=2.500 priority=ARCHIVE si=1 wr=5 inp=2 sc=1 dr=1 ac=3 ts=2.0 no=3.0
2026-04-28 12:34:14,095 [INFO]   评分事件 9/102: 屈臣氏在美团闪购‘超级品牌日’期间开展直播并取得GMV峰值
2026-04-28 12:34:14,097 [INFO]     硬降级: P1 → P2 (score=3.700)
2026-04-28 12:34:14,097 [INFO]     score=3.700 priority=P2 si=4 wr=5 inp=3 sc=1 dr=5 ac=4 ts=2.0 no=3.0
2026-04-28 12:34:14,097 [INFO]   评分事件 10/102: 屈臣氏新会员转化率在活动期间增长近2倍
2026-04-28 12:34:14,099 [INFO]     score=3.520 priority=P2 si=4 wr=5 inp=2 sc=1 dr=3 ac=5 ts=2.0 no=3.0
2026-04-28 12:34:14,099 [INFO]   评分事件 11/102: 屈臣氏与美团闪购达成业务合作，预计年底覆盖2500家门店
2026-04-28 12:34:14,101 [INFO]     score=3.160 priority=P2 si=4 wr=5 inp=3 sc=1 dr=1 ac=3 ts=2.0 no=3.0
2026-04-28 12:34:14,101 [INFO]   评分事件 12/102: 淘宝闪购推出超时20分钟免单服务
2026-04-28 12:34:14,103 [INFO]     score=3.020 priority=P2 si=4 wr=4 inp=3 sc=1 dr=2 ac=3 ts=2.0 no=3.0
2026-04-28 12:34:14,103 [INFO]   评分事件 13/102: 李宁品牌入驻美团闪购全国近千家门店
2026-04-28 12:34:14,105 [INFO]     score=2.620 priority=ARCHIVE si=1 wr=4 inp=5 sc=1 dr=1 ac=3 ts=2.0 no=3.0
2026-04-28 12:34:14,105 [INFO]   评分事件 14/102: 滔搏即时零售销售额月涨幅超30%
2026-04-28 12:34:14,107 [INFO]     score=3.560 priority=P2 si=5 wr=4 inp=2 sc=1 dr=4 ac=5 ts=2.0 no=3.0
2026-04-28 12:34:14,107 [INFO]   评分事件 15/102: 361°接入美团闪购并开展双十一专属补贴活动
2026-04-28 12:34:14,110 [INFO]     score=2.760 priority=ARCHIVE si=1 wr=4 inp=5 sc=1 dr=1 ac=4 ts=2.0 no=3.0
2026-04-28 12:34:14,110 [INFO]   评分事件 16/102: 屈臣氏计划在下沉市场引入多元品牌与品类
2026-04-28 12:34:14,114 [INFO]     score=3.000 priority=P2 si=1 wr=5 inp=5 sc=1 dr=1 ac=4 ts=2.0 no=3.0
2026-04-28 12:34:14,114 [INFO]   评分事件 17/102: 屈臣氏加强私域运营以沉淀用户资产
2026-04-28 12:34:14,117 [INFO]     score=2.640 priority=ARCHIVE si=1 wr=5 inp=2 sc=1 dr=1 ac=4 ts=2.0 no=3.0
2026-04-28 12:34:14,117 [INFO]   评分事件 18/102: 屈臣氏调整门店服务模式减少推销行为
2026-04-28 12:34:14,120 [INFO]     score=3.400 priority=P2 si=4 wr=5 inp=3 sc=1 dr=2 ac=4 ts=2.0 no=3.0
2026-04-28 12:34:14,120 [INFO]   评分事件 19/102: 屈臣氏推出会员卡制度提升客单价
2026-04-28 12:34:14,123 [INFO]     硬降级: P1 → P2 (score=3.820)
2026-04-28 12:34:14,124 [INFO]     score=3.820 priority=P2 si=5 wr=5 inp=3 sc=1 dr=3 ac=5 ts=2.0 no=3.0
2026-04-28 12:34:14,124 [INFO]   评分事件 20/102: 屈臣氏与高德地图达成战略合作，推进香港门店数字化升级
2026-04-28 12:34:14,128 [INFO]     score=3.340 priority=P2 si=5 wr=5 inp=3 sc=1 dr=1 ac=3 ts=2.0 no=3.0
2026-04-28 12:34:14,128 [INFO]   评分事件 21/102: 自然堂接入淘宝闪购并开通小时达服务
2026-04-28 12:34:14,132 [INFO]     score=2.400 priority=ARCHIVE si=1 wr=4 inp=2 sc=1 dr=1 ac=4 ts=2.0 no=3.0
2026-04-28 12:34:14,132 [INFO]   评分事件 22/102: 自然堂在淘宝闪购两周内跃居美妆品类前五名
2026-04-28 12:34:14,135 [INFO]     score=3.080 priority=P2 si=4 wr=4 inp=2 sc=1 dr=1 ac=5 ts=2.0 no=3.0
2026-04-28 12:34:14,135 [INFO]   评分事件 23/102: 自然堂调整选品策略为‘6:3:1’货盘结构
2026-04-28 12:34:14,139 [INFO]     score=2.600 priority=ARCHIVE si=1 wr=4 inp=2 sc=1 dr=3 ac=4 ts=2.0 no=3.0
2026-04-28 12:34:14,139 [INFO]   评分事件 24/102: 自然堂加大淘宝闪购投入并计划扩展覆盖城市与产品线
2026-04-28 12:34:14,143 [INFO]     score=2.860 priority=P2 si=1 wr=4 inp=5 sc=1 dr=2 ac=4 ts=2.0 no=3.0
2026-04-28 12:34:14,144 [INFO]   评分事件 25/102: 屈臣氏计划新增500家社区店以拓展即时零售市场
2026-04-28 12:34:14,148 [INFO]     score=3.140 priority=P2 si=2 wr=5 inp=5 sc=1 dr=2 ac=3 ts=2.0 no=3.0
2026-04-28 12:34:14,148 [INFO]   评分事件 26/102: 名创优品与美团合作打造500家‘24小时超级店’闪电仓
2026-04-28 12:34:14,153 [INFO]     score=2.020 priority=ARCHIVE si=1 wr=3 inp=2 sc=1 dr=1 ac=3 ts=2.0 no=3.0
2026-04-28 12:34:14,153 [INFO]   评分事件 27/102: 丝芙兰等品牌入驻美团闪购平台
2026-04-28 12:34:14,156 [INFO]     score=2.440 priority=ARCHIVE si=2 wr=4 inp=2 sc=1 dr=1 ac=3 ts=2.0 no=3.0
2026-04-28 12:34:14,157 [INFO]   评分事件 28/102: 美团闪购美妆个护闪电仓扩展至4000家
2026-04-28 12:34:14,161 [INFO]     score=3.160 priority=P2 si=4 wr=4 inp=5 sc=1 dr=1 ac=3 ts=2.0 no=3.0
2026-04-28 12:34:14,161 [INFO]   评分事件 29/102: 饿了么平台彩妆品类订单量在2025年五一期间环比增长超100%
2026-04-28 12:34:14,165 [INFO]     score=3.060 priority=P2 si=4 wr=4 inp=2 sc=1 dr=5 ac=2 ts=2.0 no=3.0
2026-04-28 12:34:14,166 [INFO]   评分事件 30/102: 名创优品在淘宝闪购平台美妆品类成交额翻倍
2026-04-28 12:34:14,172 [INFO]     score=2.960 priority=P2 si=4 wr=4 inp=2 sc=1 dr=4 ac=2 ts=2.0 no=3.0
2026-04-28 12:34:14,172 [INFO]   评分事件 31/102: 淘宝闪购上线后推动果切行业订单翻倍增长
2026-04-28 12:34:14,179 [INFO]     score=3.560 priority=P2 si=4 wr=4 inp=5 sc=1 dr=5 ac=3 ts=2.0 no=3.0
2026-04-28 12:34:14,179 [INFO]   评分事件 32/102: 淘宝闪购推动非餐品牌商家成交额显著增长
2026-04-28 12:34:14,186 [INFO]     score=3.100 priority=P2 si=4 wr=4 inp=4 sc=1 dr=3 ac=2 ts=2.0 no=3.0
2026-04-28 12:34:14,186 [INFO]   评分事件 33/102: 淘宝闪购新入驻品牌数和门店数大幅增长
2026-04-28 12:34:14,192 [INFO]     硬降级: P1 → P2 (score=4.020)
2026-04-28 12:34:14,192 [INFO]     score=4.020 priority=P2 si=5 wr=4 inp=5 sc=1 dr=5 ac=5 ts=2.0 no=3.0
2026-04-28 12:34:14,193 [INFO]   评分事件 34/102: 美团计划将闪电仓数量提升至10万个以拓展闪购业务
2026-04-28 12:34:14,198 [INFO]     score=2.280 priority=ARCHIVE si=4 wr=0 inp=2 sc=1 dr=4 ac=4 ts=2.0 no=3.0
2026-04-28 12:34:14,198 [INFO]   评分事件 35/102: 联想推出OMO闪购服务，覆盖全国40个城市
2026-04-28 12:34:14,204 [INFO]     score=2.280 priority=ARCHIVE si=1 wr=2 inp=5 sc=1 dr=1 ac=4 ts=2.0 no=3.0
2026-04-28 12:34:14,204 [INFO]   评分事件 36/102: 淘宝闪购订单量翻倍，单日峰值激发超1亿新增订单
2026-04-28 12:34:14,210 [INFO]     score=3.560 priority=P2 si=4 wr=4 inp=5 sc=1 dr=5 ac=3 ts=2.0 no=3.0
2026-04-28 12:34:14,210 [INFO]   评分事件 37/102: 优布劳在淘宝闪购订单增长40%，占比接近美团
2026-04-28 12:34:14,216 [INFO]     score=3.040 priority=P2 si=1 wr=4 inp=4 sc=1 dr=5 ac=4 ts=2.0 no=3.0
2026-04-28 12:34:14,216 [INFO]   评分事件 38/102: 优布劳1-7月新增500多家门店，推进‘千城万店’计划
2026-04-28 12:34:14,224 [INFO]     score=2.140 priority=ARCHIVE si=1 wr=2 inp=5 sc=1 dr=1 ac=3 ts=2.0 no=3.0
2026-04-28 12:34:14,224 [INFO]   评分事件 39/102: 切果Now通过淘宝闪购实现订单翻倍，单日收入达320万
2026-04-28 12:34:14,229 [INFO]     score=2.540 priority=ARCHIVE si=1 wr=4 inp=5 sc=1 dr=3 ac=1.0 ts=2.0 no=3.0
2026-04-28 12:34:14,230 [INFO]   评分事件 40/102: 抖音开放全量电商达人小时达带货权限
2026-04-28 12:34:14,236 [INFO]     score=3.060 priority=P2 si=4 wr=4 inp=3 sc=1 dr=1 ac=4 ts=2.0 no=3.0
2026-04-28 12:34:14,236 [INFO]   评分事件 41/102: 抖音发布即时零售选品广场带货操作攻略
2026-04-28 12:34:14,243 [INFO]     score=3.380 priority=P2 si=5 wr=4 inp=3 sc=1 dr=1 ac=5 ts=2.0 no=3.0
2026-04-28 12:34:14,244 [INFO]   评分事件 42/102: 抖音推出小时达与次日达双模式服务
2026-04-28 12:34:14,253 [INFO]     score=3.340 priority=P2 si=5 wr=4 inp=5 sc=1 dr=1 ac=3 ts=2.0 no=3.0
2026-04-28 12:34:14,253 [INFO]   评分事件 43/102: 抖音即时零售商家案例扩展至Apple授权专营店等
2026-04-28 12:34:14,260 [INFO]     score=2.580 priority=ARCHIVE si=2 wr=4 inp=2 sc=1 dr=1 ac=4 ts=2.0 no=3.0
2026-04-28 12:34:14,260 [INFO]   评分事件 44/102: 抖音超市合并至抖音小时达
2026-04-28 12:34:14,265 [INFO]     score=3.340 priority=P2 si=5 wr=4 inp=3 sc=1 dr=2 ac=4 ts=2.0 no=3.0
2026-04-28 12:34:14,265 [INFO]   评分事件 45/102: 抖音超市业务或将合并至小时达，入口仍独立
2026-04-28 12:34:14,274 [INFO]     score=3.360 priority=P2 si=5 wr=4 inp=4 sc=1 dr=1 ac=4 ts=2.0 no=3.0
2026-04-28 12:34:14,274 [INFO]   评分事件 46/102: 万宁关闭中国内地所有线下门店，全面转向线上跨境电商渠道
2026-04-28 12:34:14,283 [INFO]     score=2.440 priority=ARCHIVE si=2 wr=3 inp=4 sc=1 dr=1 ac=3 ts=2.0 no=3.0
2026-04-28 12:34:14,284 [INFO]   评分事件 47/102: 莎莎国际同步关闭中国内地所有线下门店，聚焦线上业务
2026-04-28 12:34:14,292 [INFO]     score=2.420 priority=ARCHIVE si=2 wr=3 inp=5 sc=1 dr=1 ac=2 ts=2.0 no=3.0
2026-04-28 12:34:14,293 [INFO]   评分事件 48/102: 万宁退出中国内地市场
2026-04-28 12:34:14,300 [INFO]     score=2.700 priority=ARCHIVE si=2 wr=3 inp=5 sc=1 dr=1 ac=4 ts=2.0 no=3.0
2026-04-28 12:34:14,301 [INFO]   评分事件 49/102: 万宁中国宣布关闭内地所有线下门店及线上商城
2026-04-28 12:34:14,313 [INFO]     score=2.300 priority=ARCHIVE si=2 wr=3 inp=4 sc=1 dr=1 ac=2 ts=2.0 no=3.0
2026-04-28 12:34:14,313 [INFO]   评分事件 50/102: 屈臣氏中国关闭低客流门店并扩大线上履约能力
2026-04-28 12:34:14,324 [INFO]     score=3.340 priority=P2 si=2 wr=5 inp=5 sc=1 dr=4 ac=3 ts=2.0 no=3.0
2026-04-28 12:34:14,324 [INFO]   评分事件 51/102: 万宁宣布关闭中国大陆所有门店及线上商城
2026-04-28 12:34:14,335 [INFO]     score=2.580 priority=ARCHIVE si=2 wr=3 inp=4 sc=1 dr=1 ac=4 ts=2.0 no=3.0
2026-04-28 12:34:14,336 [INFO]   评分事件 52/102: 万宁关闭内地所有门店
2026-04-28 12:34:14,342 [INFO]     score=3.100 priority=P2 si=5 wr=3 inp=5 sc=1 dr=1 ac=3 ts=2.0 no=3.0
2026-04-28 12:34:14,342 [INFO]   评分事件 53/102: 屈臣氏内地门店净关闭145家
2026-04-28 12:34:14,352 [INFO]     硬降级: P1 → P2 (score=3.880)
2026-04-28 12:34:14,352 [INFO]     score=3.880 priority=P2 si=5 wr=5 inp=5 sc=1 dr=4 ac=3 ts=2.0 no=3.0
2026-04-28 12:34:14,352 [INFO]   评分事件 54/102: 莎莎国际关闭内地全部线下门店
2026-04-28 12:34:14,360 [INFO]     score=2.600 priority=ARCHIVE si=5 wr=2 inp=4 sc=1 dr=1 ac=2 ts=2.0 no=3.0
2026-04-28 12:34:14,361 [INFO]   评分事件 55/102: THE COLORIST调色师2023年第一季度营收同比增长36%，实现全面盈利
2026-04-28 12:34:14,375 [INFO]     score=2.140 priority=ARCHIVE si=1 wr=3 inp=2 sc=1 dr=5 ac=1.0 ts=2.0 no=3.0
2026-04-28 12:34:14,375 [INFO]   评分事件 56/102: WOW COLOUR宣布品牌战略升级，打造‘超级渠道’新三年目标
2026-04-28 12:34:14,387 [INFO]     score=2.200 priority=ARCHIVE si=2 wr=3 inp=2 sc=1 dr=1 ac=3 ts=2.0 no=3.0
2026-04-28 12:34:14,388 [INFO]   评分事件 57/102: 美团闪购双十一期间美妆个护订单量同比增长196%，高端化妆品订单量增长426%
2026-04-28 12:34:14,403 [INFO]     score=3.320 priority=P2 si=4 wr=4 inp=3 sc=1 dr=5 ac=3.0 ts=2.0 no=3.0
2026-04-28 12:34:14,403 [INFO]   评分事件 58/102: 喜燃计划采用直营+加盟模式拓展至50家门店
2026-04-28 12:34:14,409 [INFO]     score=1.500 priority=ARCHIVE si=1 wr=2 inp=2 sc=1 dr=1 ac=1.0 ts=2.0 no=3.0
2026-04-28 12:34:14,409 [INFO]   评分事件 59/102: THE COLORIST调色师计划在全国陆续开出100+门店
2026-04-28 12:34:14,415 [INFO]     score=2.100 priority=ARCHIVE si=1 wr=3 inp=5 sc=1 dr=1 ac=1.0 ts=2.0 no=3.0
2026-04-28 12:34:14,415 [INFO]   评分事件 60/102: 淘宝闪购上线并启动500亿消费券计划
2026-04-28 12:34:14,427 [INFO]     score=3.580 priority=P2 si=4 wr=4 inp=4 sc=1 dr=5 ac=4 ts=2.0 no=3.0
2026-04-28 12:34:14,427 [INFO]   评分事件 61/102: 饿了么APP更名为淘宝闪购
2026-04-28 12:34:14,433 [INFO]     score=3.040 priority=P2 si=4 wr=4 inp=4 sc=1 dr=1 ac=3 ts=2.0 no=3.0
2026-04-28 12:34:14,434 [INFO]   评分事件 62/102: 淘宝闪购在天猫旗舰店页面新增闪购选项卡
2026-04-28 12:34:14,447 [INFO]     硬降级: P1 → P2 (score=3.700)
2026-04-28 12:34:14,447 [INFO]     score=3.700 priority=P2 si=5 wr=4 inp=4 sc=1 dr=3 ac=5 ts=2.0 no=3.0
2026-04-28 12:34:14,448 [INFO]   评分事件 63/102: 美团宣布未来三年在全国建立1200家浣熊食堂
2026-04-28 12:34:14,456 [INFO]     score=1.660 priority=ARCHIVE si=1 wr=0 inp=5 sc=1 dr=1 ac=3 ts=2.0 no=3.0
2026-04-28 12:34:14,457 [INFO]   评分事件 64/102: 乡镇外卖订单量同比激增217%
2026-04-28 12:34:14,467 [INFO]     score=3.560 priority=P2 si=4 wr=4 inp=5 sc=1 dr=5 ac=3 ts=2.0 no=3.0
2026-04-28 12:34:14,468 [INFO]   评分事件 65/102: 屈臣氏在美团闪购双11直播活动中交易额与订单量创历史新高
2026-04-28 12:34:14,482 [INFO]     score=3.040 priority=P2 si=1 wr=5 inp=2 sc=1 dr=5 ac=4 ts=2.0 no=3.0
2026-04-28 12:34:14,482 [INFO]   评分事件 66/102: 美团闪购双11期间高端化妆品订单量同比增长426%
2026-04-28 12:34:14,492 [INFO]     score=3.520 priority=P2 si=3 wr=4 inp=5 sc=1 dr=5 ac=4 ts=2.0 no=3.0
2026-04-28 12:34:14,492 [INFO]   评分事件 67/102: 美团闪购推出五大服务保障以提升消费者体验
2026-04-28 12:34:14,507 [INFO]     score=3.400 priority=P2 si=5 wr=4 inp=3 sc=1 dr=4 ac=3 ts=2.0 no=3.0
2026-04-28 12:34:14,508 [INFO]   评分事件 68/102: 名创优品与美团深化战略合作，加码即时零售闪电仓业务
2026-04-28 12:34:14,522 [INFO]     score=3.040 priority=P2 si=2 wr=4 inp=5 sc=1 dr=2 ac=4 ts=2.0 no=3.0
2026-04-28 12:34:14,522 [INFO]   评分事件 69/102: 名创优品24H超级店累计业绩破亿元，开设约500家
2026-04-28 12:34:14,535 [INFO]     score=3.100 priority=P2 si=4 wr=4 inp=2 sc=1 dr=4 ac=3 ts=2.0 no=3.0
2026-04-28 12:34:14,535 [INFO]   评分事件 70/102: 美团提出至2027年闪电仓数量将超10万个
2026-04-28 12:34:14,551 [INFO]     硬降级: P1 → P2 (score=3.780)
2026-04-28 12:34:14,551 [INFO]     score=3.780 priority=P2 si=5 wr=4 inp=5 sc=1 dr=4 ac=4 ts=2.0 no=3.0
2026-04-28 12:34:14,551 [INFO]   评分事件 71/102: 名创优品与美团达成深度战略合作，年内上线超800家24H超级店
2026-04-28 12:34:14,567 [INFO]     score=2.580 priority=ARCHIVE si=2 wr=4 inp=2 sc=1 dr=1 ac=4 ts=2.0 no=3.0
2026-04-28 12:34:14,567 [INFO]   评分事件 72/102: 屈臣氏在美团开设闪电仓覆盖超过10个一二线城市
2026-04-28 12:34:14,577 [INFO]     score=2.500 priority=ARCHIVE si=1 wr=5 inp=2 sc=1 dr=1 ac=3 ts=2.0 no=3.0
2026-04-28 12:34:14,577 [INFO]   评分事件 73/102: 名创优品接入淘宝闪购实现订单量爆发式增长
2026-04-28 12:34:14,590 [INFO]     score=2.800 priority=P2 si=1 wr=4 inp=2 sc=1 dr=5 ac=4 ts=2.0 no=3.0
2026-04-28 12:34:14,590 [INFO]   评分事件 74/102: 名创优品新客占比超七成，突破原有用户圈层
2026-04-28 12:34:14,602 [INFO]     score=2.820 priority=P2 si=1 wr=4 inp=5 sc=1 dr=3 ac=3 ts=2.0 no=3.0
2026-04-28 12:34:14,602 [INFO]   评分事件 75/102: 名创优品多品类在淘宝闪购实现高速增长
2026-04-28 12:34:14,619 [INFO]     score=3.060 priority=P2 si=3 wr=4 inp=2 sc=1 dr=4 ac=4 ts=2.0 no=3.0
2026-04-28 12:34:14,619 [INFO]   评分事件 76/102: 名创优品4500家门店全面接入淘宝闪购
2026-04-28 12:34:14,634 [INFO]     score=2.460 priority=ARCHIVE si=1 wr=4 inp=2 sc=1 dr=3 ac=3 ts=2.0 no=3.0
2026-04-28 12:34:14,634 [INFO]   评分事件 77/102: 成都春熙路店接入淘宝闪购后业绩显著提升
2026-04-28 12:34:14,649 [INFO]     score=3.480 priority=P2 si=4 wr=4 inp=2 sc=1 dr=5 ac=5 ts=2.0 no=3.0
2026-04-28 12:34:14,649 [INFO]   评分事件 78/102: 美团美妆闪电仓覆盖城市突破297个
2026-04-28 12:34:14,662 [INFO]     score=2.640 priority=ARCHIVE si=4 wr=2 inp=3 sc=1 dr=3 ac=3 ts=2.0 no=3.0
2026-04-28 12:34:14,663 [INFO]   评分事件 79/102: 淘宝升级小时达到淘宝闪购并设首页入口
2026-04-28 12:34:14,680 [INFO]     score=3.380 priority=P2 si=5 wr=4 inp=3 sc=1 dr=1 ac=5 ts=2.0 no=3.0
2026-04-28 12:34:14,680 [INFO]   评分事件 80/102: HARMAY话梅入驻淘宝闪购并设定七夕峰值订单目标
2026-04-28 12:34:14,694 [INFO]     score=2.660 priority=ARCHIVE si=2 wr=4 inp=5 sc=1 dr=1 ac=2 ts=2.0 no=3.0
2026-04-28 12:34:14,695 [INFO]   评分事件 81/102: 京东推出‘超级星粉日’整合明星资源助力美妆销售
2026-04-28 12:34:14,709 [INFO]     score=2.680 priority=ARCHIVE si=4 wr=2 inp=3 sc=1 dr=2 ac=4 ts=2.0 no=3.0
2026-04-28 12:34:14,709 [INFO]   评分事件 82/102: 美团联合酒店进行跨场景美妆营销
2026-04-28 12:34:14,726 [INFO]     score=2.440 priority=ARCHIVE si=4 wr=2 inp=3 sc=1 dr=1 ac=3 ts=2.0 no=3.0
2026-04-28 12:34:14,726 [INFO]   评分事件 83/102: 2026年中国即时零售市场规模突破万亿元
2026-04-28 12:34:14,740 [INFO]     硬降级: P1 → P2 (score=3.780)
2026-04-28 12:34:14,740 [INFO]     score=3.780 priority=P2 si=5 wr=4 inp=5 sc=1 dr=4 ac=4.0 ts=2.0 no=3.0
2026-04-28 12:34:14,740 [INFO]   评分事件 84/102: 美团闪购宣布拓展覆盖城市并加强线下实体店数字化对接
2026-04-28 12:34:14,759 [INFO]     score=3.060 priority=P2 si=4 wr=4 inp=3 sc=1 dr=1 ac=4 ts=2.0 no=3.0
2026-04-28 12:34:14,759 [INFO]   评分事件 85/102: 京东到家与更多品牌商达成合作以优化库存管理提升配送时效
2026-04-28 12:34:14,773 [INFO]     score=3.160 priority=P2 si=4 wr=4 inp=3 sc=1 dr=2 ac=4 ts=2.0 no=3.0
2026-04-28 12:34:14,773 [INFO]   评分事件 86/102: 顺丰同城ROE同比增长近一倍
2026-04-28 12:34:14,784 [INFO]     score=3.100 priority=P2 si=4 wr=4 inp=2 sc=1 dr=4 ac=3 ts=2.0 no=3.0
2026-04-28 12:34:14,785 [INFO]   评分事件 87/102: 阿里AI在全国百城百万餐饮门店开启试运营
2026-04-28 12:34:14,798 [INFO]     score=3.540 priority=P2 si=5 wr=4 inp=5 sc=1 dr=3 ac=3 ts=2.0 no=3.0
2026-04-28 12:34:14,798 [INFO]   评分事件 88/102: 颜沿优选全球购与多家平台达成战略合作
2026-04-28 12:34:14,817 [INFO]     score=3.220 priority=P2 si=5 wr=4 inp=4 sc=1 dr=1 ac=3 ts=2.0 no=3.0
2026-04-28 12:34:14,818 [INFO]   评分事件 89/102: 颜沿优选全球购与上百个美妆个护品牌签约获得授权
2026-04-28 12:34:14,830 [INFO]     score=1.920 priority=ARCHIVE si=1 wr=2 inp=2 sc=1 dr=1 ac=4 ts=2.0 no=3.0
2026-04-28 12:34:14,830 [INFO]   评分事件 90/102: 颜沿优选全球购帮助品牌商搭建品牌即时零售流量池
2026-04-28 12:34:14,845 [INFO]     score=3.100 priority=P2 si=5 wr=4 inp=3 sc=1 dr=1 ac=3 ts=2.0 no=3.0
2026-04-28 12:34:14,845 [INFO]   评分事件 91/102: 三个魔发匠推出即时零售品牌“狸小熙”
2026-04-28 12:34:14,868 [INFO]     score=2.940 priority=P2 si=2 wr=4 inp=5 sc=1 dr=1 ac=4 ts=2.0 no=3.0
2026-04-28 12:34:14,869 [INFO]   评分事件 92/102: 诗裴丝推出行业首创免洗洗发巾
2026-04-28 12:34:14,883 [INFO]     score=2.280 priority=ARCHIVE si=1 wr=2 inp=5 sc=1 dr=1 ac=4 ts=2.0 no=3.0
2026-04-28 12:34:14,883 [INFO]   评分事件 93/102: 京东实现美妆个护同城小时达配送
2026-04-28 12:34:14,897 [INFO]     score=2.580 priority=ARCHIVE si=4 wr=2 inp=3 sc=1 dr=1 ac=4 ts=2.0 no=3.0
2026-04-28 12:34:14,898 [INFO]   评分事件 94/102: 独特艾琳计划布局首家线下旗舰店
2026-04-28 12:34:14,906 [INFO]     score=2.140 priority=ARCHIVE si=1 wr=2 inp=5 sc=1 dr=1 ac=3 ts=2.0 no=3.0
2026-04-28 12:34:14,906 [INFO]   评分事件 95/102: 美团闪购联合联合利华与凯度咨询发布《个人洗护品类即时零售白皮书》
2026-04-28 12:34:14,923 [INFO]     score=2.400 priority=ARCHIVE si=2 wr=4 inp=2 sc=1 dr=2 ac=2 ts=2.0 no=3.0
2026-04-28 12:34:14,924 [INFO]   评分事件 96/102: 联合利华与美团酒店开展跨生态营销活动并获得300余万曝光
2026-04-28 12:34:14,941 [INFO]     score=2.700 priority=ARCHIVE si=2 wr=4 inp=4 sc=1 dr=4 ac=1.0 ts=2.0 no=3.0
2026-04-28 12:34:14,941 [INFO]   评分事件 97/102: 美团平台上线的潮流联名剃须刀和旅行洗护套装获得高市场反响
2026-04-28 12:34:14,961 [INFO]     硬降级: P1 → P2 (score=3.780)
2026-04-28 12:34:14,961 [INFO]     score=3.780 priority=P2 si=5 wr=4 inp=5 sc=1 dr=4 ac=4 ts=2.0 no=3.0
2026-04-28 12:34:14,962 [INFO]   评分事件 98/102: 中国功能洗护行业市场规模预计2025年达1458.4亿元
2026-04-28 12:34:14,979 [INFO]     score=2.980 priority=P2 si=4 wr=1 inp=5 sc=1 dr=5 ac=4.0 ts=2.0 no=3.0
2026-04-28 12:34:14,979 [INFO]   评分事件 99/102: 功能洗护市场呈现细分化、多样化趋势
2026-04-28 12:34:14,991 [INFO]     score=2.360 priority=ARCHIVE si=3 wr=2 inp=5 sc=1 dr=1 ac=2 ts=2.0 no=3.0
2026-04-28 12:34:14,992 [INFO]   评分事件 100/102: 成分天然化成为功能洗护产品发展趋势
2026-04-28 12:34:15,004 [INFO]     score=2.280 priority=ARCHIVE si=3 wr=2 inp=2 sc=1 dr=1 ac=4 ts=2.0 no=3.0
2026-04-28 12:34:15,005 [INFO]   评分事件 101/102: 国货品牌崛起，老字号与新兴品牌竞争力增强
2026-04-28 12:34:15,022 [INFO]     score=1.640 priority=ARCHIVE si=1 wr=2 inp=2 sc=1 dr=1 ac=2 ts=2.0 no=3.0
2026-04-28 12:34:15,022 [INFO]   评分事件 102/102: 海外品牌仍主导功能洗护发市场
2026-04-28 12:34:15,038 [INFO]     score=2.400 priority=ARCHIVE si=1 wr=2 inp=5 sc=1 dr=5 ac=2 ts=2.0 no=3.0
2026-04-28 12:34:15,058 [INFO]   评分完成: 102 条事件
2026-04-28 12:34:15,058 [INFO]     P0=0  P1=0  P2=59  ARCHIVE=43
2026-04-28 12:34:15,058 [INFO]     avg_weighted_score=2.899
2026-04-28 12:34:15,059 [INFO]     by_priority: {'P2': 59, 'ARCHIVE': 43}
2026-04-28 12:34:15,059 [INFO]     by_event_type: {'platform_rule': 7, 'competitor_move': 4, 'platform_move': 31, 'data_signal': 11, 'category_trend': 5, 'brand_move': 39, 'consumer_scene': 1, 'channel_shift': 3, 'unclear': 1}
2026-04-28 12:34:15,059 [INFO]     downgrade_stats: {'硬降级: confidence=low → 最高P2': 9, '硬降级: source_credibility=1<2 → 最高P2': 9}
2026-04-28 12:34:15,059 [INFO]     TOP: [P2] 4.020 wr=4 淘宝闪购新入驻品牌数和门店数大幅增长
2026-04-28 12:34:15,059 [INFO]     TOP: [P2] 3.880 wr=5 屈臣氏内地门店净关闭145家
2026-04-28 12:34:15,059 [INFO]     TOP: [P2] 3.820 wr=5 屈臣氏推出会员卡制度提升客单价
2026-04-28 12:34:15,059 [INFO]     TOP: [P2] 3.780 wr=4 美团闪购名创优品专场激励政策发布
2026-04-28 12:34:15,060 [INFO]     TOP: [P2] 3.780 wr=4 美团提出至2027年闪电仓数量将超10万个
2026-04-28 12:34:15,060 [INFO]     TOP: [P2] 3.780 wr=4 2026年中国即时零售市场规模突破万亿元
2026-04-28 12:34:15,060 [INFO]     TOP: [P2] 3.780 wr=4 美团平台上线的潮流联名剃须刀和旅行洗护套装获得高市场反响
2026-04-28 12:34:15,060 [INFO]     TOP: [P2] 3.700 wr=5 屈臣氏在美团闪购‘超级品牌日’期间开展直播并取得GMV峰值
2026-04-28 12:34:15,060 [INFO]     TOP: [P2] 3.700 wr=4 淘宝闪购在天猫旗舰店页面新增闪购选项卡
2026-04-28 12:34:15,060 [INFO]     TOP: [P2] 3.580 wr=4 淘宝闪购上线并启动500亿消费券计划
2026-04-28 12:34:15,060 [INFO]   {
  "ok": true,
  "date": "2026-04-28",
  "input_file": "/app/working/projects/watsons-retail-intel/data/events/2026-04-28/events_raw.json",
  "output_file": "/app/working/projects/watsons-retail-intel/data/events/2026-04-28/events_scored.json",
  "log_file": "/app/working/projects/watsons-retail-intel/data/logs/2026-04-28/score_events.log",
  "event_count": 102,
  "p0_count": 0,
  "p1_count": 0,
  "p2_count": 59,
  "archive_count": 43,
  "errors": []
}
